IP Ports Diff Report for QSysDE5QGen3x4If128_PCIeGen3x4If128
Mon Feb  3 15:23:28 2020
Quartus Prime Version 18.1.0 Build 222 09/21/2018 SJ Pro Edition


---------------------
; Table of Contents ;
---------------------
  1. IP Information



+------------------------------------------------------------------------------------------------------------------------------------------------------------------------------------------------------+
; IP Information                                                                                                                                                                                       ;
+----------------------+-------------------------------------------------------------------------------------------------------------------------------------------------------------------------------+
; IP Variation Name    ; QSysDE5QGen3x4If128_PCIeGen3x4If128                                                                                                                                           ;
; Prior Version        ; 17.1                                                                                                                                                                          ;
; New Version          ; 18.1                                                                                                                                                                          ;
; New File             ; C:/Users/Saleh/Share1/riffa_arria10/fpga/altera/de5/DE5QGen3x4If128/ip/ip/QSysDE5QGen3x4If128/QSysDE5QGen3x4If128_PCIeGen3x4If128/synth/QSysDE5QGen3x4If128_PCIeGen3x4If128.v ;
; Has Port Differences ; No                                                                                                                                                                            ;
+----------------------+-------------------------------------------------------------------------------------------------------------------------------------------------------------------------------+


